# Penalty: 6065.388394953787
28
43 32
2 37
10 44
20 26
25 12
45 47
1 18
3 41
9 6
26 2
16 38
18 15
29 32
29 47
0 0
26 22
0 21
3 36
12 9
19 48
21 39
30 23
36 1
36 21
38 37
42 11
45 6
47 30
