# Penalty: 6313.626993976055
28
30 33
30 21
17 44
33 46
41 37
2 19
8 37
13 28
11 17
14 49
20 22
23 34
39 14
3 3
9 6
13 0
25 10
33 17
26 49
28 43
30 32
35 24
35 42
41 4
40 27
43 49
43 0
45 25
