# Penalty: 5029.393557174637
25
26 32
2 12
23 4
32 15
45 11
2 31
8 45
17 14
7 34
24 22
15 3
28 4
38 3
31 30
38 20
48 15
1 19
9 3
10 24
11 45
16 33
14 23
24 42
39 48
43 35
