# Penalty: 4920.348298276372
23
18 33
28 4
36 19
8 34
17 23
19 45
27 24
29 39
39 47
17 0
22 14
0 35
25 45
32 15
42 28
45 13
44 43
1 42
10 15
22 0
26 35
35 29
36 16
