# Penalty: 6557.223819191999
29
16 30
7 37
17 15
17 40
27 4
27 35
0 10
1 46
10 6
9 16
41 45
46 36
19 1
23 18
0 13
4 25
6 48
13 46
17 33
20 46
23 0
20 30
28 9
29 35
30 8
37 0
37 42
39 29
44 8
