# Penalty: 6857.6719036106715
31
9 2
43 14
10 32
33 21
45 0
11 7
13 42
9 26
21 34
31 10
33 36
38 19
47 37
0 38
0 49
1 1
14 3
2 34
10 47
14 17
12 28
22 24
21 4
23 38
23 17
38 48
36 0
42 4
42 24
44 47
47 13
