# Penalty: 6303.147779222843
29
22 16
0 2
1 28
8 36
15 7
28 43
30 14
4 9
11 13
14 40
26 0
26 32
31 23
38 35
18 1
42 17
40 28
43 46
0 43
0 13
11 25
13 35
19 49
29 45
29 7
29 29
43 7
42 30
45 17
