# Penalty: 7240.032615744992
32
24 45
38 14
4 27
14 29
16 6
27 25
39 24
41 4
19 11
21 40
48 19
0 37
2 1
5 40
8 16
9 48
45 28
46 13
9 26
17 1
16 23
25 15
27 2
26 49
27 38
29 8
36 43
37 46
36 19
41 34
46 39
46 6
