# Penalty: 6438.545682130384
29
9 25
13 47
27 23
35 45
37 34
44 11
1 45
2 12
17 6
17 18
32 3
45 41
7 2
11 37
34 31
35 18
41 30
13 44
16 28
23 8
26 33
28 49
28 26
34 40
43 1
45 15
45 48
46 25
46 12
