# Penalty: 5322.270241598542
25
28 21
14 18
26 3
43 9
1 24
2 45
7 36
2 30
9 17
18 39
42 23
43 46
44 13
3 13
6 0
49 5
8 46
11 7
17 28
33 11
34 35
32 15
38 24
46 40
46 48
