# Penalty: 6474.229485349597
30
14 40
33 40
0 14
24 21
38 13
0 32
4 4
12 30
13 11
31 29
35 0
47 36
48 14
20 37
3 16
4 41
5 31
10 5
14 36
19 0
19 49
22 16
28 11
33 26
33 14
35 4
39 43
45 1
46 24
46 46
