# Penalty: 6776.389174493642
30
30 16
36 25
2 22
12 12
18 29
22 40
29 48
45 17
2 34
11 39
29 6
31 34
34 41
43 46
0 0
0 45
1 32
8 7
9 25
8 35
16 14
20 19
20 34
25 43
34 2
33 12
34 30
39 41
44 0
49 40
