# Penalty: 6604.9925190675785
30
8 25
22 37
31 2
6 36
18 22
19 0
15 41
26 47
33 22
36 42
29 9
34 27
40 9
37 37
44 28
42 16
0 10
0 46
46 38
1 20
6 31
10 47
16 10
19 23
16 44
28 28
28 46
34 0
43 5
46 31
