# Penalty: 5631.034128516919
26
5 11
18 44
24 33
28 19
35 8
40 21
6 29
14 20
46 19
9 11
27 30
45 9
0 0
1 39
1 26
16 34
19 5
18 16
0 36
23 43
26 23
27 49
29 8
37 25
40 32
41 11
