# Penalty: 5468.503558431637
27
25 12
26 31
43 40
3 26
4 42
12 33
18 23
21 0
30 42
31 3
45 33
46 12
46 23
0 9
8 47
0 31
10 14
11 1
22 34
28 19
30 8
33 19
35 31
33 1
38 15
43 2
48 49
