# Penalty: 6045.827163765935
27
12 36
13 6
22 20
23 36
30 12
40 11
40 44
2 16
29 31
11 29
23 7
39 33
45 6
45 44
0 26
0 11
4 49
8 7
14 46
21 30
26 17
35 49
37 0
36 39
40 18
42 29
44 34
