# Penalty: 5738.144982974313
26
6 27
24 15
35 15
36 2
38 33
12 12
14 36
15 22
41 40
15 8
19 27
23 44
0 3
0 39
0 31
4 20
5 0
10 17
12 46
23 1
24 34
25 19
27 13
31 42
34 25
40 13
