# Penalty: 6988.434937328653
31
39 11
40 27
12 23
15 9
27 46
0 42
2 17
16 42
25 28
26 7
42 22
3 31
0 46
5 28
9 3
6 41
10 13
14 23
16 33
17 49
17 21
19 5
27 18
28 0
31 46
33 15
38 1
37 47
41 32
43 10
47 23
