# Penalty: 4779.870401695468
14
13 9
16 26
2 2
15 20
2 7
12 3
4 17
15 14
6 12
7 5
15 7
0 13
10 16
13 30
