# Penalty: 5794.114981443277
27
4 4
4 39
5 23
19 4
19 39
20 23
34 4
35 23
0 0
0 11
0 22
0 33
0 44
9 27
14 0
14 44
15 10
15 18
17 34
23 25
29 0
30 10
30 21
37 29
44 0
45 10
45 21
