# Penalty: 5059.662468035825
25
1 1
9 9
44 46
26 26
0 49
10 12
19 41
29 45
40 21
42 35
47 1
34 43
47 29
6 23
0 11
9 36
11 0
16 24
20 9
23 15
24 31
33 12
30 22
43 48
48 39
