# Penalty:  7266.6274979128
32
7 31
10 18
15 41
5 46
8 2
14 28
16 9
26 4
29 30
33 40
36 2
43 27
43 42
46 0
0 10
0 21
0 32
1 26
6 12
12 21
16 41
15 0
17 48
20 14
20 9
21 37
23 20
31 29
33 47
37 5
38 37
44 13
