# Penalty:  5211.207499625703
19
19 5
0 5
21 15
5 13
28 2
0 10
28 21
23 9
4 28
10 11
10 6
22 23
9 16
6 23
19 25
12 7
26 10
16 3
16 12
