# Penalty: 976.0072988978486
5
7 16
5 2
16 27
8 10
0 0
