# Penalty: 2166.007298897848
12
16 25
4 3
4 12
7 24
13 4
24 8
24 15
11 16
13 13
20 0
23 29
28 1
