# Penalty: 2059.0109483467727
11
0 0
5 13
10 21
18 8
2 5
11 29
13 15
20 27
20 5
24 14
27 1
