# Penalty: 2372.5305700852814
12
0 20
6 5
17 10
18 20
21 1
23 25
0 0
0 21
5 13
3 22
13 0
26 15
