# Penalty: 1486.0072988978484
8
17 2
2 18
5 10
14 14
0 0
6 6
18 21
16 5
