# Penalty: 1862.5305700852812
9
2 1
8 2
14 1
20 2
26 1
17 15
0 17
22 14
26 29
