# Penalty: 1763.003649448924
10
13 25
18 10
1 24
2 13
9 17
22 22
26 6
3 1
11 28
25 14
