# Penalty: 5330.271094798938
25
0 0
0 9
0 20
0 29
1 12
5 1
5 22
5 29
7 13
8 5
13 20
12 29
13 0
14 8
14 17
19 1
20 24
20 9
20 27
21 13
27 0
27 20
28 8
28 28
28 17
