# Penalty: 1593.003649448924
9
8 11
6 22
15 1
22 12
24 26
0 12
23 0
24 8
29 16
