# Penalty: 40923.562051619876
115
11 9
16 82
69 29
79 50
2 71
21 26
35 64
53 54
61 79
65 1
68 64
85 76
86 91
94 12
0 46
2 10
42 72
56 31
75 20
95 92
4 57
9 43
7 69
16 5
10 22
18 67
18 92
11 50
26 97
21 72
29 38
29 58
32 93
35 44
43 4
46 19
43 40
53 62
57 45
30 78
61 23
66 81
62 51
71 6
64 75
67 40
71 26
76 64
75 12
78 40
80 82
87 28
91 63
94 49
99 69
0 12
0 95
88 39
0 54
2 39
1 20
3 81
43 55
10 84
12 28
87 85
11 57
14 13
16 46
19 53
20 34
22 0
20 61
24 17
26 24
25 75
32 11
32 17
34 0
34 58
39 89
39 78
45 99
46 12
46 87
47 6
43 47
53 37
52 9
55 93
54 66
57 53
60 89
63 9
65 46
66 92
65 19
73 98
79 0
77 95
79 26
81 7
81 53
89 10
88 56
91 17
92 33
93 15
94 77
95 63
95 6
96 44
96 93
95 87
96 55
