# Penalty: 40972.16366582367
111
17 32
38 76
42 53
60 27
89 64
2 28
14 71
21 53
36 3
39 90
46 33
51 55
73 6
80 96
88 37
95 13
0 14
24 36
31 78
50 67
69 32
96 32
1 76
9 14
6 39
10 97
13 56
14 6
15 22
24 86
31 43
33 13
27 96
30 66
35 27
34 97
6 65
16 48
31 58
36 64
53 91
56 12
59 91
64 55
65 82
45 77
70 17
73 75
79 88
85 78
89 98
92 80
95 55
96 96
93 20
95 40
0 0
0 90
0 98
59 20
59 59
67 89
5 55
6 84
9 79
9 25
17 91
19 22
19 76
20 57
24 16
26 5
24 73
29 20
32 34
32 49
35 82
39 0
37 27
39 94
40 13
37 63
43 39
45 42
45 61
50 0
49 40
49 25
52 77
50 52
55 0
55 73
63 18
64 11
65 26
73 53
74 35
75 63
75 26
79 40
82 9
83 63
84 0
81 52
84 92
85 67
89 27
91 48
96 4
95 63
96 25
