# Penalty: 40435.28930969347
111
23 65
62 22
3 47
7 30
20 79
46 54
91 9
2 91
44 34
56 67
16 85
30 66
46 48
62 67
67 83
65 24
83 52
87 67
85 10
90 45
13 15
18 45
17 31
20 4
30 78
67 62
71 19
19 57
24 29
24 47
23 40
28 92
32 24
31 52
34 3
33 98
34 31
35 38
37 80
38 11
45 63
53 7
54 44
57 27
57 81
70 5
78 36
65 41
73 70
79 23
84 26
86 97
90 2
0 65
0 83
2 8
4 1
3 77
5 51
46 4
79 42
97 13
8 44
8 63
9 24
7 87
9 71
19 72
12 94
10 55
15 10
12 52
24 8
25 58
30 14
30 62
37 91
38 26
39 50
44 75
45 68
49 89
48 15
52 36
48 72
52 99
60 5
60 49
63 85
66 96
66 55
68 90
68 10
69 47
73 12
70 27
74 84
73 55
78 85
78 0
87 11
89 72
90 38
90 23
92 63
93 84
92 48
93 77
96 93
96 0
98 50
