# Penalty: 38251.96166955833
106
70 3
20 8
71 80
42 73
67 95
71 31
84 8
10 87
15 30
30 55
36 95
39 1
52 48
53 72
67 58
15 91
28 29
94 41
0 11
0 44
1 61
60 71
63 29
73 59
74 19
2 28
5 65
14 9
16 77
22 96
20 15
30 18
34 64
39 87
45 17
44 61
52 39
48 90
55 21
58 57
7 23
9 71
59 97
60 8
53 82
71 37
78 74
81 13
82 68
84 37
85 54
86 81
93 78
95 21
96 51
56 32
0 19
0 76
0 86
2 99
7 39
59 81
67 66
10 57
11 10
12 96
13 24
15 51
22 1
24 45
25 15
28 99
31 24
32 40
32 78
36 5
38 41
37 37
39 12
42 96
43 7
45 33
46 22
46 47
46 67
45 84
53 7
56 0
54 64
61 36
60 65
62 5
60 77
64 91
67 10
68 45
73 94
72 25
77 84
79 54
80 51
84 30
87 91
86 86
92 25
93 59
