# Penalty: 45180.62722047009
118
66 16
26 5
93 71
13 90
25 25
25 63
40 23
43 90
48 11
52 38
72 3
75 78
82 17
92 94
3 23
18 93
5 55
25 75
8 41
36 64
1 94
9 18
12 55
28 20
18 68
26 11
27 25
27 75
38 4
43 97
44 66
45 20
48 50
53 79
54 17
55 51
57 91
58 99
60 56
61 65
67 45
67 72
69 96
76 6
76 60
82 63
84 12
84 92
85 23
86 30
17 13
91 79
92 38
95 9
95 24
97 85
0 7
0 38
0 63
0 84
97 18
2 73
0 53
3 98
8 2
8 34
5 62
9 79
13 42
10 65
18 5
18 31
17 79
19 54
19 86
34 14
18 20
22 39
27 42
27 91
29 34
31 77
34 52
32 67
37 46
39 83
43 2
48 72
46 23
51 33
51 45
52 65
54 24
57 32
55 75
59 1
60 20
63 5
64 93
65 30
65 50
67 36
65 79
68 20
66 86
68 13
75 51
74 72
74 90
78 95
83 49
86 1
83 74
87 78
96 61
94 99
96 0
99 38
