# Penalty: 42801.18229306927
112
18 77
20 47
56 55
56 78
71 6
88 37
9 5
24 10
42 42
54 92
55 22
66 64
71 46
78 21
24 41
26 56
96 11
55 29
2 53
2 68
6 19
92 36
97 22
14 34
22 82
28 19
36 75
39 4
33 54
39 83
41 11
60 86
17 55
42 21
47 56
45 34
50 76
51 61
54 43
56 95
56 36
56 51
59 77
62 18
62 38
67 72
69 57
71 0
70 24
72 41
74 71
75 52
78 2
81 20
77 60
87 22
92 46
96 89
0 92
1 0
1 72
1 63
5 83
6 31
6 94
7 75
10 51
11 99
16 94
16 13
25 72
25 52
27 4
27 94
27 41
44 48
30 8
34 22
36 66
39 74
44 12
83 44
45 5
41 68
46 85
52 60
55 69
59 1
58 98
59 8
61 56
63 22
63 92
65 10
67 37
71 78
70 67
77 91
77 99
81 76
82 90
83 59
82 95
84 6
85 69
86 36
88 5
89 51
96 96
96 52
97 66
98 27
