# Penalty: 41848.11067666464
112
43 21
6 9
12 73
45 76
67 54
92 47
0 60
5 26
18 57
22 29
32 60
16 71
59 86
71 72
73 6
81 29
52 70
93 8
96 31
65 44
78 78
85 44
13 88
13 2
64 61
82 13
0 19
19 15
20 89
74 61
17 66
24 44
27 3
25 79
27 11
31 25
31 68
36 82
33 16
38 33
41 9
45 95
46 57
48 50
50 8
49 92
58 22
55 46
59 99
61 8
66 3
67 98
69 19
78 94
91 87
73 84
77 24
0 3
0 90
0 96
0 32
97 41
2 85
37 69
52 81
5 74
62 51
6 97
7 16
4 64
8 55
8 24
12 41
13 7
13 26
11 59
15 11
18 96
19 25
24 98
25 39
25 60
27 19
33 39
34 88
34 53
36 74
40 40
46 7
48 22
54 36
53 64
59 77
61 30
63 84
66 10
63 79
71 40
72 64
78 51
75 14
80 86
83 18
85 70
84 48
86 75
84 23
91 57
90 18
95 73
95 26
96 65
