# Penalty: 61371.16695272855
59
3 3
15 12
27 3
30 9
3 12
39 12
45 3
54 3
57 12
60 6
69 3
72 9
78 3
81 12
87 3
90 12
9 6
24 12
93 6
12 0
36 3
66 12
9 15
48 12
18 3
0 18
33 15
75 15
63 0
21 6
45 6
86 7
93 0
96 15
0 3
51 9
18 15
22 0
30 0
3 9
78 6
36 6
39 0
43 17
48 0
52 17
61 16
73 0
63 6
83 0
85 17
96 6
3 0
17 7
10 8
25 17
40 9
66 15
58 0
