# Penalty: 43529.496685331396
111
70 74
74 29
25 13
49 43
51 6
60 59
65 10
83 63
3 23
18 89
19 35
39 63
47 75
55 92
86 72
78 97
97 47
0 71
2 53
29 33
40 46
54 33
76 61
9 59
9 82
11 23
14 96
17 64
60 41
71 86
16 16
80 67
17 24
27 52
30 15
30 58
37 9
38 78
43 35
44 61
48 21
51 47
62 2
66 36
70 2
71 97
80 27
75 53
27 27
83 8
84 0
83 89
84 22
80 75
84 58
94 24
0 0
0 34
0 42
0 79
88 81
4 86
3 49
5 14
90 60
7 37
7 54
12 9
35 54
12 34
16 49
16 55
19 9
22 86
22 14
24 72
24 93
25 3
28 88
29 67
32 92
31 43
33 23
33 38
37 0
39 14
39 18
46 29
48 89
53 57
53 66
56 15
54 51
58 87
65 27
66 42
71 6
72 23
76 37
78 46
77 19
77 83
80 37
85 4
85 89
83 51
88 96
90 9
91 76
95 94
98 61
