# Penalty: 44502.79470398887
117
27 91
44 44
45 91
64 2
86 28
1 4
7 87
30 3
40 77
69 62
75 37
1 22
47 72
58 10
74 7
95 21
2 31
7 60
5 2
5 78
11 20
13 57
17 50
71 50
96 29
20 77
8 25
21 33
26 64
22 91
30 41
33 25
31 58
38 7
36 58
39 42
41 0
25 83
50 11
55 81
57 95
58 17
60 37
60 88
61 56
63 27
41 68
72 65
68 20
81 85
78 1
81 45
84 17
92 95
93 10
94 80
94 35
96 74
98 94
0 37
0 50
0 63
0 97
2 8
70 34
78 59
3 42
3 64
52 4
11 11
9 46
11 92
12 41
15 72
14 78
17 57
19 47
16 87
21 69
26 9
25 32
29 99
31 88
34 62
36 94
35 48
39 15
40 85
45 38
49 65
52 25
52 51
55 1
59 80
58 62
61 74
63 82
66 91
64 65
70 42
70 85
71 56
76 75
80 23
82 2
82 54
82 79
79 37
83 90
84 64
85 60
85 9
90 42
91 66
94 7
94 91
98 54
