# Penalty: 43677.46108483815
114
83 2
23 3
45 49
48 87
61 17
8 77
20 69
41 7
53 33
61 45
77 61
79 16
90 35
92 54
93 82
14 88
96 8
0 11
44 93
67 38
1 92
6 60
10 45
11 24
57 55
92 47
14 98
17 19
23 77
31 80
36 45
30 1
3 86
40 13
39 33
26 87
36 87
44 70
47 6
43 39
49 26
51 41
58 75
59 96
60 20
62 61
64 5
58 84
69 65
69 8
69 19
74 92
76 99
73 30
84 98
86 60
88 19
94 73
0 0
0 42
0 61
0 17
0 77
1 56
4 8
5 34
54 47
6 48
4 67
11 5
12 68
9 15
14 46
13 29
15 1
15 54
13 83
16 38
23 32
23 51
26 7
28 63
29 49
30 35
34 15
38 53
39 79
45 78
44 40
48 98
51 17
51 91
59 29
57 10
64 79
65 59
65 83
69 83
67 53
72 22
75 4
76 64
78 43
77 85
84 41
84 76
81 91
87 3
86 49
91 97
90 1
91 34
91 8
98 68
