# Penalty: 41531.462416737544
109
6 31
13 16
40 47
49 96
79 22
80 68
5 58
11 93
23 53
35 61
40 26
46 77
81 57
61 42
63 20
6 38
72 87
81 6
23 13
49 53
28 56
72 27
2 24
12 71
11 87
11 56
19 31
17 99
11 80
15 48
19 62
26 72
26 97
27 79
32 93
32 18
24 45
36 7
32 70
36 79
37 55
40 14
40 69
46 13
46 56
49 30
53 39
53 90
54 27
55 74
58 46
64 30
67 66
78 1
83 24
90 39
94 13
94 60
95 44
0 6
0 51
1 14
2 82
8 27
2 47
7 42
9 19
17 1
17 22
32 49
26 8
41 62
24 63
31 0
35 32
32 41
41 98
42 92
44 28
44 62
47 16
47 40
53 41
56 88
59 8
59 71
59 54
60 62
60 79
60 98
62 23
62 39
65 84
68 0
68 49
74 96
79 40
77 92
80 83
81 54
80 15
84 0
82 60
86 88
90 98
91 44
93 24
96 70
98 1
