# Penalty: 42856.892700851255
116
13 90
16 11
66 12
94 58
4 40
29 22
38 49
41 14
42 28
42 75
49 60
50 88
55 37
73 84
77 63
61 30
74 12
95 73
0 14
76 96
0 22
11 67
13 51
14 28
16 91
46 35
10 12
21 25
27 48
30 97
32 64
33 91
35 5
40 42
44 6
49 9
24 14
48 52
53 30
78 37
55 67
61 94
80 5
83 97
86 52
73 26
89 15
87 42
90 90
93 29
94 1
95 43
0 37
0 63
97 82
0 43
1 7
81 14
3 84
4 29
6 50
8 79
10 3
11 54
10 24
15 76
18 65
19 96
25 0
26 80
26 31
27 52
29 78
27 8
31 57
32 16
35 88
39 20
39 92
40 67
40 78
38 61
44 0
45 95
43 42
48 74
49 80
46 46
51 4
52 53
54 98
55 15
55 9
57 44
60 70
60 0
60 38
63 62
66 79
68 26
69 42
69 93
74 66
75 0
75 51
79 71
76 89
82 28
83 23
89 46
89 78
88 22
92 8
91 30
96 53
99 16
