# Penalty: 33832.09144487636
79
3 0
3 24
3 48
15 12
15 36
27 0
27 24
27 48
39 12
39 36
3 60
39 0
51 0
51 24
39 48
51 48
3 12
63 12
63 0
63 36
63 48
3 36
75 0
75 24
75 36
75 48
15 0
87 12
87 0
87 36
87 48
15 48
87 24
11 24
18 22
23 36
26 10
30 34
38 22
47 36
50 10
54 34
66 22
74 10
42 22
30 10
54 14
58 22
5 0
78 10
5 60
6 14
6 34
6 50
18 50
19 1
20 15
30 49
30 0
31 24
42 50
44 1
44 9
54 49
55 0
60 22
65 36
66 50
66 0
68 9
77 24
78 50
79 0
79 34
90 0
90 22
90 50
90 34
92 14
