# Penalty: 42470.573977267246
115
3 22
24 19
34 31
38 63
54 12
12 78
25 44
28 5
28 87
47 37
72 90
73 62
7 14
77 6
42 12
84 75
86 43
85 61
93 44
2 31
4 92
5 45
5 73
7 57
22 12
38 38
76 84
9 18
16 36
10 51
19 4
26 76
20 27
34 24
38 68
47 81
44 59
51 23
47 74
57 66
58 4
58 87
53 29
69 25
69 34
62 10
65 65
82 4
78 58
79 35
86 89
87 28
96 15
0 0
89 98
0 59
34 83
0 8
0 67
5 0
4 85
6 95
4 29
8 71
29 19
11 3
7 22
13 99
14 81
14 9
17 58
18 96
19 75
22 41
24 67
20 82
29 93
30 46
32 60
33 7
33 71
37 1
40 33
42 91
43 4
40 73
45 51
44 42
46 13
49 99
50 47
47 18
55 73
54 22
61 38
64 49
62 86
68 8
68 96
69 69
72 0
76 76
76 9
79 24
80 51
80 98
83 21
82 63
85 29
88 84
91 7
94 0
94 60
93 80
96 65
