# Penalty: 38834.9891919693
107
78 92
21 14
25 50
36 77
61 38
81 65
1 38
1 74
3 14
10 85
41 71
2 65
37 34
15 72
70 54
26 19
84 29
88 5
41 86
75 96
76 73
88 21
1 28
8 52
31 40
88 70
10 9
15 24
23 60
32 92
20 34
31 59
32 15
38 79
38 13
40 29
43 18
45 49
17 15
51 96
54 55
58 80
57 32
59 60
61 10
59 43
63 66
67 9
66 93
74 25
74 57
84 45
82 94
85 13
88 52
88 81
92 26
94 48
0 19
0 81
5 67
9 58
12 0
13 47
14 87
18 97
19 68
20 74
34 69
20 44
23 88
25 3
25 34
46 78
28 30
26 69
34 1
33 91
35 45
37 91
41 63
42 0
41 21
42 43
40 70
49 18
48 34
48 44
53 8
56 24
57 90
62 37
66 0
67 24
72 84
72 66
76 2
76 30
78 71
84 58
90 79
91 86
93 99
94 65
96 3
97 65
94 83
