# Penalty: 41349.586516647294
113
8 95
21 45
32 81
39 52
58 76
68 88
76 35
0 68
7 53
8 20
29 12
45 21
69 2
82 8
86 25
90 63
10 72
19 91
72 81
94 3
0 85
7 10
2 59
10 29
7 81
11 5
63 82
12 19
15 66
17 59
19 37
22 62
25 27
29 17
31 68
37 0
32 49
38 62
42 5
44 32
43 46
47 60
49 88
49 10
49 41
12 81
52 46
57 22
59 51
78 52
79 97
62 36
83 90
85 66
89 85
55 68
59 14
91 44
79 22
93 79
97 31
86 95
92 90
17 25
2 75
7 64
13 11
23 95
23 1
22 44
27 77
28 31
30 26
29 57
36 89
35 44
38 68
39 28
39 8
40 83
41 14
47 1
52 0
50 18
52 58
53 96
56 49
61 0
63 97
64 8
64 30
64 57
66 50
70 64
73 46
73 10
76 38
76 66
77 77
78 60
82 11
79 81
87 8
84 57
90 50
91 11
92 71
94 99
95 36
96 76
95 42
97 63
97 85
