# Penalty: 42942.12257229636
112
34 59
35 45
60 59
71 87
88 90
97 23
1 55
2 27
17 85
5 64
23 89
51 79
61 23
24 43
50 63
56 86
65 56
80 1
81 18
78 84
89 66
0 83
6 96
9 13
8 71
11 39
22 5
23 30
13 5
14 64
24 87
32 31
34 74
30 91
45 24
45 50
46 99
47 11
53 64
14 77
57 32
57 78
63 40
27 51
39 69
64 65
67 19
69 0
74 62
81 77
86 3
86 59
85 11
89 82
91 98
94 48
95 75
97 7
0 76
0 93
1 17
2 35
4 56
65 82
11 99
91 7
11 51
16 23
16 46
16 83
19 69
18 55
23 61
31 13
31 18
33 77
35 38
37 62
38 95
38 44
46 83
50 4
48 85
53 38
52 12
54 99
55 54
54 72
60 0
61 5
58 64
66 35
64 80
67 63
69 48
70 8
70 55
74 22
74 91
73 76
77 41
76 68
79 55
80 9
81 25
83 39
83 95
86 32
88 21
94 59
97 38
97 79
